<?xml version="1.0" encoding="UTF-8"?>
<testsuites name="jest tests" tests="2" failures="0" time="3.647">
  <testsuite name="State reducer" errors="0" failures="0" skipped="0" timestamp="2019-08-16T01:57:09" time="1.456" tests="2">
    <testcase classname="State reducer Should properly add items" name="State reducer Should properly add items" time="0.007">
    </testcase>
    <testcase classname="State reducer Should properly remove items" name="State reducer Should properly remove items" time="0.001">
    </testcase>
  </testsuite>
</testsuites>